Template generated in the file: notes.ntex
	-now edit the file 'notes.ntex' and/or
	-run the srcipt called 'compile' in order to convert in into the LaTeX and generate pdf
