nTex WARNING: \author{} not found  in the nTex file, will try to parse it from template file
